   k  stability     SW       CH  S_Dbw    AVI    AVU     MQ      Q
0  3      0.880  0.310  153.030  0.476  0.929  0.333  0.069  0.541
1  4      0.578  0.242  119.645  0.458  0.869  0.207  0.077  0.579
2  5      0.832  0.233  115.655  0.546  0.851  0.147  0.089  0.635
3  6      0.642  0.203   94.040  0.403  0.818  0.108  0.102  0.637
4  7      0.763  0.209  107.583  0.352  0.798  0.091  0.118  0.642
5  8      0.637  0.188   88.704  0.375  0.762  0.073  0.131  0.623
k = 5
cluster                     0          1          2          3          4
cons_total_rub      59309.500  48709.000  46767.000  41894.000  40850.000
cons_level              0.862      0.684      0.641      0.529      0.510
share_food              0.277      0.305      0.331      0.336      0.355
share_health            0.063      0.060      0.055      0.058      0.050
share_catering          0.090      0.085      0.073      0.077      0.063
share_transport         0.071      0.071      0.074      0.073      0.075
share_marketplaces      0.107      0.114      0.129      0.119      0.144
share_other             0.392      0.367      0.339      0.341      0.315
season_amp              0.030      0.028      0.025      0.028      0.029
summer_peak            -0.005     -0.007     -0.003     -0.009     -0.003
n                      35.000     66.000     60.000     43.000     39.000
share_moscow            0.943      0.485      0.867      0.070      0.615
0 муниципальный округ Аптекарский остров; муниципальный округ Чкаловское; муниципальный округ Сокольники; муниципальный округ Дорогомилово; муниципальный округ Крылатское; муниципальный округ Проспект Вернадского; муниципальный округ Раменки; муниципальный округ Тропарево-Никулино; муниципальный округ Филевский парк; муниципальный округ Аэропорт
1 муниципальный округ Сенной округ; муниципальный округ Адмиралтейский округ; муниципальный округ Измайловское; муниципальный округ № 7; муниципальный округ Васильевский; муниципальный округ Гавань; муниципальный округ Морской; муниципальный округ Остров Декабристов; муниципальный округ Сампсониевское; муниципальный округ Светлановское
2 поселок Парголово; поселок Лисий Нос; муниципальный округ Лахта-Ольгино; муниципальный округ Юнтолово; муниципальный округ Пискаревка; город Сестрорецк; поселок Песочный; город Пушкин; муниципальный округ Богородское; муниципальный округ Восточное Измайлово
3 муниципальный округ Коломна; муниципальный округ Семеновский; муниципальный округ Екатерингофский; муниципальный округ Сосновское; муниципальный округ № 15; муниципальный округ Сергиевское; муниципальный округ Гражданка; муниципальный округ Финляндский округ; муниципальный округ № 21; муниципальный округ Северный
4 поселок Левашово; муниципальный округ Морские ворота; город Колпино; поселок Металлострой; поселок Петро-Славянка; поселок Понтонный; город Красное Село; муниципальный округ Горелово; город Кронштадт; город Зеленогорск
