23:45:07 загрузка данных
23:45:08 МО: 1815, месяцев: 24, признаков: 25
23:45:08 выбор k
23:45:52 сравнение правил рёбер
23:45:53   attr: 20151 рёбер
23:45:54   cosine: 17315 рёбер
23:45:56   corr: 21250 рёбер
23:45:59   lagcorr: 18929 рёбер
23:46:01   dtw: 18814 рёбер
/Users/proknulo/projects/sberindex/.venv/lib/python3.13/site-packages/sklearn/manifold/_spectral_embedding.py:325: UserWarning: Graph is not fully connected, spectral embedding may not work as expected.
  warnings.warn(
23:46:01   geo: 16410 рёбер
23:46:04   hybrid: 39067 рёбер
23:46:04 сравнение методов по месяцам
23:46:07   kmeans
23:46:07   ward
23:46:09   spectral
23:46:31   leiden
23:46:33   agc
23:46:53   temporal_leiden
/Users/proknulo/projects/sberindex/src/sbx/pipeline.py:69: Pandas4Warning: Starting with pandas version 4.0 all arguments of mean will be keyword-only.
  return r.mean(1)
23:47:20 
                  method     SW       CH  S_Dbw    AVI    AVU     MQ      Q  k_mean  ARI_consecutive  NMI_consecutive  switch_rate  never_switch_share  ARI_first_last  bootstrap_ARI  rank_icvi
0                 kmeans  0.104  307.012  0.430  0.754  0.075  0.031  0.582     8.0            0.669            0.749        0.200               0.069           0.533          0.592      5.167
1                   ward  0.073  268.678  0.468  0.749  0.075  0.036  0.556     8.0            0.454            0.580        0.370               0.007           0.290          0.380      6.667
2               spectral  0.116  264.224  0.483  0.787  0.066  0.052  0.558     8.0            0.892            0.857        0.065               0.571           0.588          0.829      4.000
3                 leiden  0.076  251.386  0.425  0.780  0.074  0.029  0.644     8.0            0.644            0.719        0.239               0.109           0.433          0.533      5.667
4                    agc  0.102  300.164  0.442  0.775  0.078  0.037  0.590     8.0            0.785            0.817        0.122               0.289           0.483          0.762      5.333
5       agc_evolutionary  0.107  296.562  0.453  0.776  0.076  0.045  0.577     8.0            0.913            0.905        0.036               0.687           0.636          0.762      4.833
6    kmeans_evolutionary  0.103  306.373  0.453  0.764  0.074  0.035  0.581     8.0            0.906            0.907        0.037               0.654           0.534          0.592      5.000
7  spectral_evolutionary  0.118  264.828  0.482  0.788  0.066  0.052  0.554     8.0            0.947            0.915        0.031               0.706           0.669          0.829      3.000
8        temporal_leiden  0.067  243.824  0.422  0.783  0.066  0.034  0.637     8.5            0.834            0.859        0.158               0.150           0.456            NaN      5.333
/Users/proknulo/projects/sberindex/.venv/lib/python3.13/site-packages/umap/umap_.py:1952: UserWarning: n_jobs value 1 overridden to 1 by setting random_state. Use no seed for parallelism.
  warn(
23:47:27 готово
