{'variant': 'consumption_level ×0.5', 'ARI_ref_month': 0.7788015192209939, 'ARI_panel': 0.7751812722592419, 'switch_rate': 0.019068151874475983, 'J_type1': 0.809, 'J_type2': 0.886, 'J_type3': 0.828, 'J_type4': 0.868, 'J_type5': 0.762, 'J_type6': 0.773, 'J_type7': 0.606, 'J_type8': 0.875}
{'variant': 'consumption_level ×1.5', 'ARI_ref_month': 0.46401473656687436, 'ARI_panel': 0.5874097279296024, 'switch_rate': 0.06606779255000599, 'J_type1': 0.767, 'J_type2': 0.441, 'J_type3': 0.607, 'J_type4': 0.67, 'J_type5': 0.429, 'J_type6': 0.401, 'J_type7': 0.279, 'J_type8': 0.661}
{'variant': 'consumption_level ×0.0', 'ARI_ref_month': 0.6852606391588653, 'ARI_panel': 0.6847943351115479, 'switch_rate': 0.027572164331057608, 'J_type1': 0.753, 'J_type2': 0.884, 'J_type3': 0.835, 'J_type4': 0.857, 'J_type5': 0.634, 'J_type6': 0.709, 'J_type7': 0.519, 'J_type8': 0.816}
{'variant': 'consumption_structure ×0.5', 'ARI_ref_month': 0.5727256626770867, 'ARI_panel': 0.6030616486229026, 'switch_rate': 0.05413822014612527, 'J_type1': 0.918, 'J_type2': 0.809, 'J_type3': 0.804, 'J_type4': 0.833, 'J_type5': 0.495, 'J_type6': 0.802, 'J_type7': 0.26, 'J_type8': 0.61}
{'variant': 'consumption_structure ×1.5', 'ARI_ref_month': 0.81700475941216, 'ARI_panel': 0.7565396425428852, 'switch_rate': 0.042328422565576715, 'J_type1': 0.95, 'J_type2': 0.875, 'J_type3': 0.768, 'J_type4': 0.863, 'J_type5': 0.693, 'J_type6': 0.856, 'J_type7': 0.404, 'J_type8': 0.891}
{'variant': 'consumption_structure ×0.0', 'ARI_ref_month': 0.5678785844592881, 'ARI_panel': 0.6011517644130382, 'switch_rate': 0.029368786681039653, 'J_type1': 0.885, 'J_type2': 0.717, 'J_type3': 0.811, 'J_type4': 0.798, 'J_type5': 0.573, 'J_type6': 0.809, 'J_type7': 0.224, 'J_type8': 0.586}
{'variant': 'seasonality ×0.5', 'ARI_ref_month': 0.8633479432130385, 'ARI_panel': 0.7264441636598309, 'switch_rate': 0.06515750389268175, 'J_type1': 0.919, 'J_type2': 0.607, 'J_type3': 0.529, 'J_type4': 0.807, 'J_type5': 0.411, 'J_type6': 0.884, 'J_type7': 0.45, 'J_type8': 0.948}
{'variant': 'seasonality ×1.5', 'ARI_ref_month': 0.8990640356638506, 'ARI_panel': 0.8949862157293325, 'switch_rate': 0.020313810037130193, 'J_type1': 0.983, 'J_type2': 0.673, 'J_type3': 0.785, 'J_type4': 0.93, 'J_type5': 0.695, 'J_type6': 0.937, 'J_type7': 0.44, 'J_type8': 0.949}
{'variant': 'seasonality ×0.0', 'ARI_ref_month': 0.4438466038627307, 'ARI_panel': 0.5396196406605446, 'switch_rate': 0.09486166007905139, 'J_type1': 0.733, 'J_type2': 0.427, 'J_type3': 0.785, 'J_type4': 0.82, 'J_type5': 0.303, 'J_type6': 0.45, 'J_type7': 0.314, 'J_type8': 0.609}
{'variant': 'industry ×0.5', 'ARI_ref_month': 0.6543133766097973, 'ARI_panel': 0.6481069422309197, 'switch_rate': 0.05205413822014613, 'J_type1': 0.871, 'J_type2': 0.822, 'J_type3': 0.654, 'J_type4': 0.841, 'J_type5': 0.537, 'J_type6': 0.736, 'J_type7': 0.289, 'J_type8': 0.78}
{'variant': 'industry ×1.5', 'ARI_ref_month': 0.5593114384145071, 'ARI_panel': 0.4988504270117774, 'switch_rate': 0.07112229009462209, 'J_type1': 0.871, 'J_type2': 0.824, 'J_type3': 0.88, 'J_type4': 0.719, 'J_type5': 0.452, 'J_type6': 0.671, 'J_type7': 0.26, 'J_type8': 0.706}
{'variant': 'industry ×0.0', 'ARI_ref_month': 0.6325209540949308, 'ARI_panel': 0.5844334181708937, 'switch_rate': 0.041034854473589656, 'J_type1': 0.869, 'J_type2': 0.593, 'J_type3': 0.521, 'J_type4': 0.818, 'J_type5': 0.504, 'J_type6': 0.744, 'J_type7': 0.265, 'J_type8': 0.759}
{'variant': 'labour ×0.5', 'ARI_ref_month': 0.9119071801375208, 'ARI_panel': 0.8692860014265925, 'switch_rate': 0.027620074260390468, 'J_type1': 0.9, 'J_type2': 0.692, 'J_type3': 0.66, 'J_type4': 0.899, 'J_type5': 0.725, 'J_type6': 0.926, 'J_type7': 0.61, 'J_type8': 0.961}
{'variant': 'labour ×1.5', 'ARI_ref_month': 0.8309308834905064, 'ARI_panel': 0.842508040978759, 'switch_rate': 0.023499820337765, 'J_type1': 0.889, 'J_type2': 0.636, 'J_type3': 0.471, 'J_type4': 0.782, 'J_type5': 0.308, 'J_type6': 0.841, 'J_type7': 0.351, 'J_type8': 0.935}
{'variant': 'labour ×0.0', 'ARI_ref_month': 0.8748527094988705, 'ARI_panel': 0.8462068027431665, 'switch_rate': 0.02766798418972332, 'J_type1': 0.869, 'J_type2': 0.692, 'J_type3': 0.627, 'J_type4': 0.859, 'J_type5': 0.68, 'J_type6': 0.892, 'J_type7': 0.59, 'J_type8': 0.938}
{'variant': 'geography ×0.5', 'ARI_ref_month': 0.6665992939411866, 'ARI_panel': 0.685516959545089, 'switch_rate': 0.08333932207449996, 'J_type1': 0.767, 'J_type2': 0.673, 'J_type3': 0.4, 'J_type4': 0.221, 'J_type5': 0.354, 'J_type6': 0.496, 'J_type7': 0.295, 'J_type8': 0.884}
{'variant': 'geography ×1.5', 'ARI_ref_month': 0.7161357564373888, 'ARI_panel': 0.7082543904545586, 'switch_rate': 0.025248532758414183, 'J_type1': 0.806, 'J_type2': 0.769, 'J_type3': 0.69, 'J_type4': 0.897, 'J_type5': 0.524, 'J_type6': 0.853, 'J_type7': 0.216, 'J_type8': 0.793}
{'variant': 'geography ×0.0', 'ARI_ref_month': 0.5684945050165128, 'ARI_panel': 0.5637864575581563, 'switch_rate': 0.055623427955443776, 'J_type1': 0.705, 'J_type2': 0.698, 'J_type3': 0.365, 'J_type4': 0.381, 'J_type5': 0.199, 'J_type6': 0.521, 'J_type7': 0.337, 'J_type8': 0.797}
{'variant': 'kNN k=10', 'ARI_ref_month': 0.9357690474721481, 'ARI_panel': 0.8962270149194184, 'switch_rate': 0.038591448077614075, 'J_type1': 0.918, 'J_type2': 0.674, 'J_type3': 0.667, 'J_type4': 0.929, 'J_type5': 0.772, 'J_type6': 0.925, 'J_type7': 0.817, 'J_type8': 0.98}
{'variant': 'kNN k=20', 'ARI_ref_month': 0.9035541553978607, 'ARI_panel': 0.7838171334197832, 'switch_rate': 0.053395616241466055, 'J_type1': 0.95, 'J_type2': 0.913, 'J_type3': 0.94, 'J_type4': 0.953, 'J_type5': 0.803, 'J_type6': 0.895, 'J_type7': 0.6, 'J_type8': 0.955}
{'variant': 'σ: сосед №4', 'ARI_ref_month': 0.9906265434177256, 'ARI_panel': 0.9718689060315172, 'switch_rate': 0.03305785123966942, 'J_type1': 1.0, 'J_type2': 1.0, 'J_type3': 0.949, 'J_type4': 0.964, 'J_type5': 0.942, 'J_type6': 0.985, 'J_type7': 0.945, 'J_type8': 1.0}
{'variant': 'σ: сосед №10', 'ARI_ref_month': 0.9970196114737333, 'ARI_panel': 0.9862267210455609, 'switch_rate': 0.030877949455024555, 'J_type1': 1.0, 'J_type2': 1.0, 'J_type3': 0.988, 'J_type4': 0.988, 'J_type5': 0.971, 'J_type6': 0.998, 'J_type7': 0.957, 'J_type8': 1.0}
{'variant': 'эволюц. α=0.6', 'ARI_ref_month': 0.9904164947357312, 'ARI_panel': 0.9819871846006434, 'switch_rate': 0.034543059048987905, 'J_type1': 1.0, 'J_type2': 1.0, 'J_type3': 0.987, 'J_type4': 0.988, 'J_type5': 0.975, 'J_type6': 0.991, 'J_type7': 0.958, 'J_type8': 0.995}
{'variant': 'эволюц. α=1.0', 'ARI_ref_month': 0.9413083586526408, 'ARI_panel': 0.9257684785300108, 'switch_rate': 0.06470235956401965, 'J_type1': 0.984, 'J_type2': 0.886, 'J_type3': 0.877, 'J_type4': 0.965, 'J_type5': 0.865, 'J_type6': 0.934, 'J_type7': 0.873, 'J_type8': 0.973}
{'variant': 'seed=1', 'ARI_ref_month': 1.0, 'ARI_panel': 1.0, 'switch_rate': 0.03111749910168882, 'J_type1': 1.0, 'J_type2': 1.0, 'J_type3': 1.0, 'J_type4': 1.0, 'J_type5': 1.0, 'J_type6': 1.0, 'J_type7': 1.0, 'J_type8': 1.0}
{'variant': 'seed=7', 'ARI_ref_month': 1.0, 'ARI_panel': 1.0, 'switch_rate': 0.03111749910168882, 'J_type1': 1.0, 'J_type2': 1.0, 'J_type3': 1.0, 'J_type4': 1.0, 'J_type5': 1.0, 'J_type6': 1.0, 'J_type7': 1.0, 'J_type8': 1.0}
{'observed_same_cluster_share': 0.5334739646941268, 'null_mean': 0.28896380592872206, 'null_sd': 0.0056389027724534895, 'z': 43.36130070549491, 'p_value': 0.000999000999000999}
